// Vitest Snapshot v1, https://vitest.dev/guide/snapshot.html

exports[`buildModel: internet-banking サンプルのスナップショット > produces zero errors and a stable C4Model shape 1`] = `
{
  "byAliasLevels": [
    {
      "alias": "AccountRepository",
      "kind": "class",
      "level": 4,
    },
    {
      "alias": "accounts",
      "kind": "component",
      "level": 3,
    },
    {
      "alias": "AccountService",
      "kind": "class",
      "level": 4,
    },
    {
      "alias": "api",
      "kind": "container",
      "level": 2,
    },
    {
      "alias": "backoffice",
      "kind": "system",
      "level": 1,
    },
    {
      "alias": "creditBureau",
      "kind": "system",
      "level": 1,
    },
    {
      "alias": "customer",
      "kind": "person",
      "level": 1,
    },
    {
      "alias": "db",
      "kind": "container",
      "level": 2,
    },
    {
      "alias": "email",
      "kind": "system",
      "level": 1,
    },
    {
      "alias": "ibs",
      "kind": "system",
      "level": 1,
    },
    {
      "alias": "notification",
      "kind": "component",
      "level": 3,
    },
    {
      "alias": "signin",
      "kind": "component",
      "level": 3,
    },
    {
      "alias": "spa",
      "kind": "container",
      "level": 2,
    },
    {
      "alias": "TransferService",
      "kind": "class",
      "level": 4,
    },
    {
      "alias": "transferSvc",
      "kind": "component",
      "level": 3,
    },
    {
      "alias": "TransferValidator",
      "kind": "class",
      "level": 4,
    },
  ],
  "edges": [
    {
      "bidirectional": false,
      "declaredLevel": 1,
      "from": "customer",
      "label": "利用する",
      "sourceLine": 8,
      "technology": "HTTPS",
      "to": "ibs",
    },
    {
      "bidirectional": false,
      "declaredLevel": 1,
      "from": "ibs",
      "label": "通知を依頼",
      "sourceLine": 9,
      "technology": "SMTP",
      "to": "email",
    },
    {
      "bidirectional": false,
      "declaredLevel": 1,
      "from": "backoffice",
      "label": "口座情報を照会",
      "sourceLine": 10,
      "technology": "内部API",
      "to": "ibs",
    },
    {
      "bidirectional": false,
      "declaredLevel": 1,
      "from": "backoffice",
      "label": "信用照会",
      "sourceLine": 11,
      "technology": "HTTPS",
      "to": "creditBureau",
    },
    {
      "bidirectional": false,
      "declaredLevel": 2,
      "from": "customer",
      "label": "利用する",
      "sourceLine": 19,
      "technology": "HTTPS",
      "to": "spa",
    },
    {
      "bidirectional": false,
      "declaredLevel": 2,
      "from": "spa",
      "label": "呼び出す",
      "sourceLine": 20,
      "technology": "JSON/HTTPS",
      "to": "api",
    },
    {
      "bidirectional": false,
      "declaredLevel": 2,
      "from": "api",
      "label": "読み書き",
      "sourceLine": 21,
      "technology": "JDBC",
      "to": "db",
    },
    {
      "bidirectional": false,
      "declaredLevel": 2,
      "from": "api",
      "label": "通知を依頼",
      "sourceLine": 22,
      "technology": "SMTP",
      "to": "email",
    },
    {
      "bidirectional": false,
      "declaredLevel": 3,
      "from": "spa",
      "label": "呼び出す",
      "sourceLine": 31,
      "to": "signin",
    },
    {
      "bidirectional": false,
      "declaredLevel": 3,
      "from": "spa",
      "label": "呼び出す",
      "sourceLine": 32,
      "to": "transferSvc",
    },
    {
      "bidirectional": false,
      "declaredLevel": 3,
      "from": "accounts",
      "label": "読み書き",
      "sourceLine": 33,
      "technology": "JDBC",
      "to": "db",
    },
    {
      "bidirectional": false,
      "declaredLevel": 3,
      "from": "transferSvc",
      "label": "読み書き",
      "sourceLine": 34,
      "technology": "JDBC",
      "to": "db",
    },
    {
      "bidirectional": false,
      "declaredLevel": 3,
      "from": "transferSvc",
      "label": "通知を依頼",
      "sourceLine": 35,
      "to": "notification",
    },
    {
      "bidirectional": false,
      "declaredLevel": 3,
      "from": "notification",
      "label": "メール送信",
      "sourceLine": 36,
      "technology": "SMTP",
      "to": "email",
    },
    {
      "bidirectional": false,
      "declaredLevel": 4,
      "from": "AccountService",
      "sourceLine": 46,
      "to": "AccountRepository",
    },
    {
      "bidirectional": false,
      "declaredLevel": 4,
      "from": "TransferService",
      "label": "uses",
      "sourceLine": 56,
      "to": "TransferValidator",
    },
  ],
  "roots": [
    {
      "alias": "customer",
      "children": [],
      "description": "口座を持つ個人",
      "external": false,
      "kind": "person",
      "label": "銀行顧客",
      "level": 1,
      "members": undefined,
      "sourceLine": 3,
      "technology": undefined,
      "variant": "default",
    },
    {
      "alias": "ibs",
      "children": [
        {
          "alias": "spa",
          "children": [],
          "description": "ブラウザUI",
          "external": false,
          "kind": "container",
          "label": "SPA",
          "level": 2,
          "members": undefined,
          "sourceLine": 15,
          "technology": "TypeScript",
          "variant": "default",
        },
        {
          "alias": "api",
          "children": [
            {
              "alias": "signin",
              "children": [],
              "description": undefined,
              "external": false,
              "kind": "component",
              "label": "サインインCtrl",
              "level": 3,
              "members": undefined,
              "sourceLine": 26,
              "technology": "Spring MVC",
              "variant": "default",
            },
            {
              "alias": "accounts",
              "children": [
                {
                  "alias": "AccountService",
                  "children": [],
                  "description": undefined,
                  "external": false,
                  "kind": "class",
                  "label": "AccountService",
                  "level": 4,
                  "members": {
                    "fields": [],
                    "methods": [
                      "+getAccounts(userId)",
                    ],
                  },
                  "sourceLine": 40,
                  "technology": undefined,
                  "variant": "default",
                },
                {
                  "alias": "AccountRepository",
                  "children": [],
                  "description": undefined,
                  "external": false,
                  "kind": "class",
                  "label": "AccountRepository",
                  "level": 4,
                  "members": {
                    "fields": [],
                    "methods": [
                      "+findByUserId(userId)",
                    ],
                  },
                  "sourceLine": 43,
                  "technology": undefined,
                  "variant": "default",
                },
              ],
              "description": undefined,
              "external": false,
              "kind": "component",
              "label": "口座サービス",
              "level": 3,
              "members": undefined,
              "sourceLine": 27,
              "technology": "Spring Bean",
              "variant": "default",
            },
            {
              "alias": "transferSvc",
              "children": [
                {
                  "alias": "TransferService",
                  "children": [],
                  "description": undefined,
                  "external": false,
                  "kind": "class",
                  "label": "TransferService",
                  "level": 4,
                  "members": {
                    "fields": [],
                    "methods": [
                      "+transfer(fromId, toId, amount)",
                    ],
                  },
                  "sourceLine": 50,
                  "technology": undefined,
                  "variant": "default",
                },
                {
                  "alias": "TransferValidator",
                  "children": [],
                  "description": undefined,
                  "external": false,
                  "kind": "class",
                  "label": "TransferValidator",
                  "level": 4,
                  "members": {
                    "fields": [],
                    "methods": [
                      "+validate(fromId, toId, amount)",
                    ],
                  },
                  "sourceLine": 53,
                  "technology": undefined,
                  "variant": "default",
                },
              ],
              "description": undefined,
              "external": false,
              "kind": "component",
              "label": "振込サービス",
              "level": 3,
              "members": undefined,
              "sourceLine": 28,
              "technology": "Spring Bean",
              "variant": "default",
            },
            {
              "alias": "notification",
              "children": [],
              "description": undefined,
              "external": false,
              "kind": "component",
              "label": "通知サービス",
              "level": 3,
              "members": undefined,
              "sourceLine": 29,
              "technology": "Spring Bean",
              "variant": "default",
            },
          ],
          "description": "業務ロジック",
          "external": false,
          "kind": "container",
          "label": "API",
          "level": 2,
          "members": undefined,
          "sourceLine": 16,
          "technology": "Java/Spring",
          "variant": "default",
        },
        {
          "alias": "db",
          "children": [],
          "description": undefined,
          "external": false,
          "kind": "container",
          "label": "DB",
          "level": 2,
          "members": undefined,
          "sourceLine": 17,
          "technology": "PostgreSQL",
          "variant": "db",
        },
      ],
      "description": "照会と振込を提供",
      "external": false,
      "kind": "system",
      "label": "インターネットバンキング",
      "level": 1,
      "members": undefined,
      "sourceLine": 4,
      "technology": undefined,
      "variant": "default",
    },
    {
      "alias": "backoffice",
      "children": [],
      "description": "行内業務の管理と与信審査",
      "external": false,
      "kind": "system",
      "label": "バックオフィス管理システム",
      "level": 1,
      "members": undefined,
      "sourceLine": 5,
      "technology": undefined,
      "variant": "default",
    },
    {
      "alias": "email",
      "children": [],
      "description": undefined,
      "external": true,
      "kind": "system",
      "label": "メールシステム",
      "level": 1,
      "members": undefined,
      "sourceLine": 6,
      "technology": undefined,
      "variant": "default",
    },
    {
      "alias": "creditBureau",
      "children": [],
      "description": "外部の与信情報サービス",
      "external": true,
      "kind": "system",
      "label": "信用情報機関",
      "level": 1,
      "members": undefined,
      "sourceLine": 7,
      "technology": undefined,
      "variant": "default",
    },
  ],
}
`;
